#-----------------------------------------------------------
# Vivado v2017.2 (64-bit)
# SW Build 1909853 on Thu Jun 15 18:39:09 MDT 2017
# IP Build 1909766 on Thu Jun 15 19:58:00 MDT 2017
# Start of session at: Wed Oct  3 10:41:41 2018
# Process ID: 22652
# Current directory: D:/ECM_DCD/username/ip_repo/training_lib/vivado/circuit_ch1_1a
# Command line: vivado.exe -mode gui -journal ./circuit_ch1_1a_Flow.jou -log ./circuit_ch1_1a_Flow.log -source ./HDS_Scripts/circuit_ch1_1a_Flow.tcl
# Log file: D:/ECM_DCD/username/ip_repo/training_lib/vivado/circuit_ch1_1a/./circuit_ch1_1a_Flow.log
# Journal file: D:/ECM_DCD/username/ip_repo/training_lib/vivado/circuit_ch1_1a\./circuit_ch1_1a_Flow.jou
#-----------------------------------------------------------
start_gui
source ./HDS_Scripts/circuit_ch1_1a_Flow.tcl
update_compile_order -fileset sources_1
add_files -fileset constrs_1 -norecurse D:/ECM_DCD/username/ip_repo/training_lib/zybo_training.xdc
launch_runs synth_1 -jobs 4
wait_on_run synth_1
open_run synth_1 -name synth_1
set_property IOSTANDARD LVCMOS33 [get_ports [list {buzzer[1]} {buzzer[0]}]]
set_property IOSTANDARD LVCMOS33 [get_ports [list {encoder0[1]} {encoder0[0]}]]
set_property IOSTANDARD LVCMOS33 [get_ports [list {encoder1[1]} {encoder1[0]}]]
place_ports {encoder0[1]} T17
place_ports {encoder0[0]} Y17
place_ports {encoder1[1]} J15
place_ports {encoder1[0]} H15
place_ports {buzzer[1]} T20
place_ports {buzzer[0]} W20
set_property target_constrs_file D:/ECM_DCD/username/ip_repo/training_lib/zybo_training.xdc [current_fileset -constrset]
save_constraints -force
launch_runs impl_1 -to_step write_bitstream -jobs 4
wait_on_run impl_1
open_hw
connect_hw_server
open_hw_target
set_property PROGRAM.FILE {D:/ECM_DCD/username/ip_repo/training_lib/vivado/circuit_ch1_1a/circuit_ch1_1a.runs/impl_1/circuit_ch1_1a.bit} [get_hw_devices xc7z010_1]
current_hw_device [get_hw_devices xc7z010_1]
refresh_hw_device -update_hw_probes false [lindex [get_hw_devices xc7z010_1] 0]
set_property PROBES.FILE {} [get_hw_devices xc7z010_1]
set_property FULL_PROBES.FILE {} [get_hw_devices xc7z010_1]
set_property PROGRAM.FILE {D:/ECM_DCD/username/ip_repo/training_lib/vivado/circuit_ch1_1a/circuit_ch1_1a.runs/impl_1/circuit_ch1_1a.bit} [get_hw_devices xc7z010_1]
program_hw_devices [get_hw_devices xc7z010_1]
refresh_hw_device [lindex [get_hw_devices xc7z010_1] 0]
reset_run synth_1
launch_runs impl_1 -to_step write_bitstream -jobs 4
wait_on_run impl_1
set_property PROBES.FILE {} [get_hw_devices xc7z010_1]
set_property FULL_PROBES.FILE {} [get_hw_devices xc7z010_1]
set_property PROGRAM.FILE {D:/ECM_DCD/username/ip_repo/training_lib/vivado/circuit_ch1_1a/circuit_ch1_1a.runs/impl_1/circuit_ch1_1a.bit} [get_hw_devices xc7z010_1]
program_hw_devices [get_hw_devices xc7z010_1]
refresh_hw_device [lindex [get_hw_devices xc7z010_1] 0]
set_property IOSTANDARD LVCMOS33 [get_ports [list clk]]
place_ports clk L16
save_constraints -force
reset_run synth_1
launch_runs impl_1 -to_step write_bitstream -jobs 4
wait_on_run impl_1
reset_run synth_1
launch_runs impl_1 -to_step write_bitstream -jobs 4
wait_on_run impl_1
set_property PROBES.FILE {} [get_hw_devices xc7z010_1]
set_property FULL_PROBES.FILE {} [get_hw_devices xc7z010_1]
set_property PROGRAM.FILE {D:/ECM_DCD/username/ip_repo/training_lib/vivado/circuit_ch1_1a/circuit_ch1_1a.runs/impl_1/circuit_ch1_1a.bit} [get_hw_devices xc7z010_1]
program_hw_devices [get_hw_devices xc7z010_1]
refresh_hw_device [lindex [get_hw_devices xc7z010_1] 0]
synth_design -rtl -name rtl_1
close_project
